[2026-05-02 19:36:09] ERROR: SMTP connection failed:
[2026-05-02 19:36:11] ERROR: SMTP connection failed:
[2026-05-02 19:37:36] ERROR: Email send failed: Missing credentials for "PLAIN"
Error: Missing credentials for "PLAIN"
    at SMTPConnection._formatError (C:\Users\vermadr\Downloads\email-system\email-system\backend\node_modules\nodemailer\lib\smtp-connection\index.js:809:19)
    at SMTPConnection.login (C:\Users\vermadr\Downloads\email-system\email-system\backend\node_modules\nodemailer\lib\smtp-connection\index.js:454:38)
    at C:\Users\vermadr\Downloads\email-system\email-system\backend\node_modules\nodemailer\lib\smtp-transport\index.js:272:32
    at SMTPConnection.<anonymous> (C:\Users\vermadr\Downloads\email-system\email-system\backend\node_modules\nodemailer\lib\smtp-connection\index.js:215:17)
    at Object.onceWrapper (node:events:622:28)
    at SMTPConnection.emit (node:events:508:28)
    at SMTPConnection._actionEHLO (C:\Users\vermadr\Downloads\email-system\email-system\backend\node_modules\nodemailer\lib\smtp-connection\index.js:1371:14)
    at SMTPConnection._processResponse (C:\Users\vermadr\Downloads\email-system\email-system\backend\node_modules\nodemailer\lib\smtp-connection\index.js:993:20)
    at SMTPConnection._onData (C:\Users\vermadr\Downloads\email-system\email-system\backend\node_modules\nodemailer\lib\smtp-connection\index.js:774:14)
    at SMTPConnection._onSocketData (C:\Users\vermadr\Downloads\email-system\email-system\backend\node_modules\nodemailer\lib\smtp-connection\index.js:195:44)
[2026-05-02 19:39:40] ERROR: Email send failed: Missing credentials for "PLAIN"
Error: Missing credentials for "PLAIN"
    at SMTPConnection._formatError (C:\Users\vermadr\Downloads\email-system\email-system\backend\node_modules\nodemailer\lib\smtp-connection\index.js:809:19)
    at SMTPConnection.login (C:\Users\vermadr\Downloads\email-system\email-system\backend\node_modules\nodemailer\lib\smtp-connection\index.js:454:38)
    at C:\Users\vermadr\Downloads\email-system\email-system\backend\node_modules\nodemailer\lib\smtp-transport\index.js:272:32
    at SMTPConnection.<anonymous> (C:\Users\vermadr\Downloads\email-system\email-system\backend\node_modules\nodemailer\lib\smtp-connection\index.js:215:17)
    at Object.onceWrapper (node:events:622:28)
    at SMTPConnection.emit (node:events:508:28)
    at SMTPConnection._actionEHLO (C:\Users\vermadr\Downloads\email-system\email-system\backend\node_modules\nodemailer\lib\smtp-connection\index.js:1371:14)
    at SMTPConnection._processResponse (C:\Users\vermadr\Downloads\email-system\email-system\backend\node_modules\nodemailer\lib\smtp-connection\index.js:993:20)
    at SMTPConnection._onData (C:\Users\vermadr\Downloads\email-system\email-system\backend\node_modules\nodemailer\lib\smtp-connection\index.js:774:14)
    at SMTPConnection._onSocketData (C:\Users\vermadr\Downloads\email-system\email-system\backend\node_modules\nodemailer\lib\smtp-connection\index.js:195:44)
[2026-05-02 19:40:11] ERROR: Email send failed: Missing credentials for "PLAIN"
Error: Missing credentials for "PLAIN"
    at SMTPConnection._formatError (C:\Users\vermadr\Downloads\email-system\email-system\backend\node_modules\nodemailer\lib\smtp-connection\index.js:809:19)
    at SMTPConnection.login (C:\Users\vermadr\Downloads\email-system\email-system\backend\node_modules\nodemailer\lib\smtp-connection\index.js:454:38)
    at C:\Users\vermadr\Downloads\email-system\email-system\backend\node_modules\nodemailer\lib\smtp-transport\index.js:272:32
    at SMTPConnection.<anonymous> (C:\Users\vermadr\Downloads\email-system\email-system\backend\node_modules\nodemailer\lib\smtp-connection\index.js:215:17)
    at Object.onceWrapper (node:events:622:28)
    at SMTPConnection.emit (node:events:508:28)
    at SMTPConnection._actionEHLO (C:\Users\vermadr\Downloads\email-system\email-system\backend\node_modules\nodemailer\lib\smtp-connection\index.js:1371:14)
    at SMTPConnection._processResponse (C:\Users\vermadr\Downloads\email-system\email-system\backend\node_modules\nodemailer\lib\smtp-connection\index.js:993:20)
    at SMTPConnection._onData (C:\Users\vermadr\Downloads\email-system\email-system\backend\node_modules\nodemailer\lib\smtp-connection\index.js:774:14)
    at SMTPConnection._onSocketData (C:\Users\vermadr\Downloads\email-system\email-system\backend\node_modules\nodemailer\lib\smtp-connection\index.js:195:44)
[2026-05-02 20:08:39] ERROR: Email send failed: ENOENT: no such file or directory, open 'C:\Users\vermadr\Downloads\email-system\email-system\backend\assets\calendar.png'
Error: ENOENT: no such file or directory, open 'C:\Users\vermadr\Downloads\email-system\email-system\backend\assets\calendar.png'
[2026-05-02 20:09:14] ERROR: Email send failed: ENOENT: no such file or directory, open 'C:\Users\vermadr\Downloads\email-system\email-system\backend\assets\calendar.png'
Error: ENOENT: no such file or directory, open 'C:\Users\vermadr\Downloads\email-system\email-system\backend\assets\calendar.png'
